2018-11-09 06:37:58,608 - INFO - "POST /RPC2 HTTP/1.1" 200 - from 119.29.134.163
2018-11-09 06:37:58,613 - INFO - 处理 Fanqiang().query().sort([('time', 1)()
2018-11-09 06:37:58,620 - ERROR - Fanqiang().query().sort([('time', 1)() -------------- Traceback (most recent call last):
  File "/usr/lib/python3.5/xmlrpc/server.py", line 392, in _dispatch
    func = self.funcs[method]
KeyError: "Fanqiang().query().sort([('time', 1)"

During handling of the above exception, another exception occurred:

Traceback (most recent call last):
  File "/root/Fanqiang_DB/RPC/RPC_Server.py", line 86, in _dispatch
    current_step = do_chain(last_chain, current_step)
  File "/root/Fanqiang_DB/RPC/RPC_Server.py", line 54, in do_chain
    current_step = getattr(current_step, method_name)()
TypeError: sort() missing 1 required positional argument: 'key_or_list'

2018-11-09 06:37:58,621 - INFO - "POST /RPC2 HTTP/1.1" 200 - from 119.29.134.163
2018-11-09 06:38:33,236 - INFO - "POST /RPC2 HTTP/1.1" 200 - from 119.29.134.163
2018-11-09 06:38:33,243 - INFO - 处理 Fanqiang().query().sort([('time', 1)()
2018-11-09 06:39:34,378 - ERROR - Fanqiang().query().sort([('time', 1)() -------------- Traceback (most recent call last):
  File "/usr/lib/python3.5/xmlrpc/server.py", line 392, in _dispatch
    func = self.funcs[method]
KeyError: "Fanqiang().query().sort([('time', 1)"

During handling of the above exception, another exception occurred:

Traceback (most recent call last):
  File "/root/Fanqiang_DB/RPC/RPC_Server.py", line 86, in _dispatch
    current_step = do_chain(last_chain, current_step)
  File "/root/Fanqiang_DB/RPC/RPC_Server.py", line 54, in do_chain
    current_step = getattr(current_step, method_name)()
TypeError: sort() missing 1 required positional argument: 'key_or_list'

2018-11-09 06:39:34,380 - INFO - "POST /RPC2 HTTP/1.1" 200 - from 119.29.134.163
2018-11-09 06:39:37,534 - INFO - "POST /RPC2 HTTP/1.1" 200 - from 119.29.134.163
2018-11-09 06:39:37,540 - INFO - 处理 Fanqiang().query().sort([('time', 1)()
2018-11-09 06:39:37,543 - ERROR - Fanqiang().query().sort([('time', 1)() -------------- Traceback (most recent call last):
  File "/usr/lib/python3.5/xmlrpc/server.py", line 392, in _dispatch
    func = self.funcs[method]
KeyError: "Fanqiang().query().sort([('time', 1)"

During handling of the above exception, another exception occurred:

Traceback (most recent call last):
  File "/root/Fanqiang_DB/RPC/RPC_Server.py", line 86, in _dispatch
    current_step = do_chain(last_chain, current_step)
  File "/root/Fanqiang_DB/RPC/RPC_Server.py", line 54, in do_chain
    current_step = getattr(current_step, method_name)()
TypeError: sort() missing 1 required positional argument: 'key_or_list'

2018-11-09 06:39:37,545 - INFO - "POST /RPC2 HTTP/1.1" 200 - from 119.29.134.163
2018-11-09 06:39:54,602 - INFO - "POST /RPC2 HTTP/1.1" 200 - from 119.29.134.163
2018-11-09 06:39:54,608 - INFO - 处理 Fanqiang().query().sort([('time', 1)()
2018-11-09 06:39:54,613 - ERROR - Fanqiang().query().sort([('time', 1)() -------------- Traceback (most recent call last):
  File "/usr/lib/python3.5/xmlrpc/server.py", line 392, in _dispatch
    func = self.funcs[method]
KeyError: "Fanqiang().query().sort([('time', 1)"

During handling of the above exception, another exception occurred:

Traceback (most recent call last):
  File "/root/Fanqiang_DB/RPC/RPC_Server.py", line 86, in _dispatch
    current_step = do_chain(last_chain, current_step)
  File "/root/Fanqiang_DB/RPC/RPC_Server.py", line 54, in do_chain
    current_step = getattr(current_step, method_name)()
TypeError: sort() missing 1 required positional argument: 'key_or_list'

2018-11-09 06:39:54,615 - INFO - "POST /RPC2 HTTP/1.1" 200 - from 119.29.134.163
2018-11-09 06:40:09,785 - INFO - "POST /RPC2 HTTP/1.1" 200 - from 119.29.134.163
2018-11-09 06:40:09,793 - INFO - 处理 Fanqiang().query().sort([('time', 1)()
2018-11-09 06:47:57,306 - INFO - "POST /RPC2 HTTP/1.1" 200 - from 119.29.134.163
2018-11-09 06:48:05,543 - INFO - "POST /RPC2 HTTP/1.1" 200 - from 119.29.134.163
2018-11-09 06:48:05,554 - INFO - 处理 Fanqiang().query().sort(['time', 1()
2018-11-09 06:50:00,405 - ERROR - Fanqiang().query().sort(['time', 1() -------------- Traceback (most recent call last):
  File "/usr/lib/python3.5/xmlrpc/server.py", line 392, in _dispatch
    func = self.funcs[method]
KeyError: "Fanqiang().query().sort(['time', 1"

During handling of the above exception, another exception occurred:

Traceback (most recent call last):
  File "/root/Fanqiang_DB/RPC/RPC_Server.py", line 86, in _dispatch
    current_step = do_chain(last_chain, current_step)
  File "/root/Fanqiang_DB/RPC/RPC_Server.py", line 54, in do_chain
    current_step = getattr(current_step, method_name)()
TypeError: sort() missing 1 required positional argument: 'key_or_list'

2018-11-09 06:50:00,407 - INFO - "POST /RPC2 HTTP/1.1" 200 - from 119.29.134.163
2018-11-09 06:50:00,409 - INFO - "POST /RPC2 HTTP/1.1" 200 - from 119.29.134.163
2018-11-09 06:50:02,466 - INFO - 处理 Fanqiang().query().sort(['time', 1()
2018-11-09 06:50:03,576 - ERROR - Fanqiang().query().sort(['time', 1() -------------- Traceback (most recent call last):
  File "/usr/lib/python3.5/xmlrpc/server.py", line 392, in _dispatch
    func = self.funcs[method]
KeyError: "Fanqiang().query().sort(['time', 1"

During handling of the above exception, another exception occurred:

Traceback (most recent call last):
  File "/root/Fanqiang_DB/RPC/RPC_Server.py", line 86, in _dispatch
    current_step = do_chain(last_chain, current_step)
  File "/root/Fanqiang_DB/RPC/RPC_Server.py", line 54, in do_chain
    current_step = getattr(current_step, method_name)()
TypeError: sort() missing 1 required positional argument: 'key_or_list'

2018-11-09 06:50:03,578 - INFO - "POST /RPC2 HTTP/1.1" 200 - from 119.29.134.163
2018-11-09 06:50:07,704 - INFO - "POST /RPC2 HTTP/1.1" 200 - from 119.29.134.163
2018-11-09 06:53:21,529 - INFO - 处理 Fanqiang().query().sort(['time', 1()
2018-11-09 06:54:33,703 - ERROR - Fanqiang().query().sort(['time', 1() -------------- Traceback (most recent call last):
  File "/usr/lib/python3.5/xmlrpc/server.py", line 392, in _dispatch
    func = self.funcs[method]
KeyError: "Fanqiang().query().sort(['time', 1"

During handling of the above exception, another exception occurred:

Traceback (most recent call last):
  File "/root/Fanqiang_DB/RPC/RPC_Server.py", line 86, in _dispatch
    current_step = do_chain(last_chain, current_step)
  File "/root/Fanqiang_DB/RPC/RPC_Server.py", line 54, in do_chain
    current_step = getattr(current_step, method_name)()
TypeError: sort() missing 1 required positional argument: 'key_or_list'

2018-11-09 06:54:33,705 - INFO - "POST /RPC2 HTTP/1.1" 200 - from 119.29.134.163
2018-11-09 06:54:33,707 - INFO - "POST /RPC2 HTTP/1.1" 200 - from 119.29.134.163
2018-11-09 06:54:42,865 - INFO - "POST /RPC2 HTTP/1.1" 200 - from 119.29.134.163
2018-11-09 06:56:13,284 - INFO - 处理 system.listMethods()()
2018-11-09 06:56:13,286 - ERROR - system.listMethods()() -------------- Traceback (most recent call last):
  File "/usr/lib/python3.5/xmlrpc/server.py", line 392, in _dispatch
    func = self.funcs[method]
KeyError: 'system.listMethods()'

During handling of the above exception, another exception occurred:

Traceback (most recent call last):
  File "/root/Fanqiang_DB/RPC/RPC_Server.py", line 65, in _dispatch
    raise Exception('类/方法%s没有注册' % first_method_name)
Exception: 类/方法system没有注册

2018-11-09 06:56:13,288 - INFO - "POST /RPC2 HTTP/1.1" 200 - from 119.29.134.163
2018-11-09 07:04:36,200 - INFO - "POST /RPC2 HTTP/1.1" 200 - from 119.29.134.163
2018-11-09 07:04:42,075 - INFO - 处理 Fanqiang().query().sort()
2018-11-09 07:04:44,668 - ERROR - Fanqiang().query().sort() -------------- Traceback (most recent call last):
  File "/usr/lib/python3.5/xmlrpc/server.py", line 392, in _dispatch
    func = self.funcs[method]
KeyError: 'Fanqiang().query().sort'

During handling of the above exception, another exception occurred:

Traceback (most recent call last):
  File "/root/Fanqiang_DB/RPC/RPC_Server.py", line 86, in _dispatch
    current_step = do_chain(last_chain, current_step)
  File "/root/Fanqiang_DB/RPC/RPC_Server.py", line 54, in do_chain
    current_step = getattr(current_step, method_name)()
TypeError: sort() missing 1 required positional argument: 'key_or_list'

2018-11-09 07:04:44,669 - INFO - "POST /RPC2 HTTP/1.1" 200 - from 119.29.134.163
2018-11-09 07:05:18,894 - INFO - "POST /RPC2 HTTP/1.1" 200 - from 119.29.134.163
2018-11-09 07:05:36,030 - INFO - 处理 Fanqiang().query().sort()
2018-11-09 07:06:18,470 - ERROR - Fanqiang().query().sort() -------------- Traceback (most recent call last):
  File "/usr/lib/python3.5/xmlrpc/server.py", line 392, in _dispatch
    func = self.funcs[method]
KeyError: 'Fanqiang().query().sort'

During handling of the above exception, another exception occurred:

Traceback (most recent call last):
  File "/root/Fanqiang_DB/RPC/RPC_Server.py", line 86, in _dispatch
    current_step = do_chain(last_chain, current_step)
  File "/root/Fanqiang_DB/RPC/RPC_Server.py", line 54, in do_chain
    current_step = getattr(current_step, method_name)()
TypeError: sort() missing 1 required positional argument: 'key_or_list'

2018-11-09 07:06:18,472 - INFO - "POST /RPC2 HTTP/1.1" 200 - from 119.29.134.163
2018-11-09 07:06:46,880 - INFO - "POST /RPC2 HTTP/1.1" 200 - from 119.29.134.163
2018-11-09 07:06:56,071 - INFO - 处理 Fanqiang().query().sort()
2018-11-09 07:06:57,590 - ERROR - Fanqiang().query().sort() -------------- Traceback (most recent call last):
  File "/usr/lib/python3.5/xmlrpc/server.py", line 392, in _dispatch
    func = self.funcs[method]
KeyError: 'Fanqiang().query().sort'

During handling of the above exception, another exception occurred:

Traceback (most recent call last):
  File "/root/Fanqiang_DB/RPC/RPC_Server.py", line 86, in _dispatch
    current_step = do_chain(last_chain, current_step)
  File "/root/Fanqiang_DB/RPC/RPC_Server.py", line 54, in do_chain
    current_step = getattr(current_step, method_name)()
TypeError: sort() missing 1 required positional argument: 'key_or_list'

2018-11-09 07:06:57,591 - INFO - "POST /RPC2 HTTP/1.1" 200 - from 119.29.134.163
2018-11-09 07:07:33,756 - INFO - "POST /RPC2 HTTP/1.1" 200 - from 119.29.134.163
2018-11-09 07:09:16,981 - INFO - "POST /RPC2 HTTP/1.1" 200 - from 119.29.134.163
2018-11-09 07:12:09,470 - INFO - "POST /RPC2 HTTP/1.1" 200 - from 119.29.134.163
2018-11-09 07:12:26,361 - INFO - "POST /RPC2 HTTP/1.1" 200 - from 119.29.134.163
2018-11-09 07:13:19,761 - INFO - "POST /RPC2 HTTP/1.1" 200 - from 119.29.134.163
2018-11-09 07:13:33,353 - INFO - "POST /RPC2 HTTP/1.1" 200 - from 119.29.134.163
2018-11-09 07:14:46,300 - INFO - "POST /RPC2 HTTP/1.1" 200 - from 119.29.134.163
2018-11-09 07:14:48,852 - INFO - "POST /RPC2 HTTP/1.1" 200 - from 119.29.134.163
2018-11-09 07:15:13,442 - INFO - "POST /RPC2 HTTP/1.1" 200 - from 119.29.134.163
2018-11-09 07:15:16,454 - INFO - "POST /RPC2 HTTP/1.1" 200 - from 119.29.134.163
2018-11-09 07:15:34,231 - INFO - "POST /RPC2 HTTP/1.1" 200 - from 119.29.134.163
2018-11-09 07:15:36,030 - INFO - "POST /RPC2 HTTP/1.1" 200 - from 119.29.134.163
2018-11-09 07:15:50,416 - INFO - "POST /RPC2 HTTP/1.1" 200 - from 119.29.134.163
2018-11-09 07:16:16,587 - INFO - "POST /RPC2 HTTP/1.1" 200 - from 119.29.134.163
2018-11-29 08:28:06,370 - INFO - "POST /RPC2 HTTP/1.1" 200 - from 119.29.134.163
2018-11-29 08:31:23,283 - INFO - "POST /RPC2 HTTP/1.1" 200 - from 119.29.134.163
2018-11-29 08:31:37,894 - INFO - "POST /RPC2 HTTP/1.1" 200 - from 119.29.134.163
2018-11-29 08:33:13,219 - INFO - "POST /RPC2 HTTP/1.1" 200 - from 119.29.134.163
2018-11-29 08:35:13,442 - INFO - "POST /RPC2 HTTP/1.1" 200 - from 119.29.134.163
2018-11-29 08:44:33,296 - INFO - "POST /RPC2 HTTP/1.1" 200 - from 119.29.134.163
2018-11-29 08:47:45,673 - INFO - "POST /RPC2 HTTP/1.1" 200 - from 119.29.134.163
2018-11-29 08:50:45,368 - INFO - "POST /RPC2 HTTP/1.1" 200 - from 119.29.134.163
2018-11-29 08:51:18,874 - INFO - "POST /RPC2 HTTP/1.1" 200 - from 119.29.134.163
2018-11-29 08:51:18,883 - INFO - "POST /RPC2 HTTP/1.1" 200 - from 119.29.134.163
2018-11-29 08:53:58,656 - INFO - "POST /RPC2 HTTP/1.1" 200 - from 119.29.134.163
2018-11-29 08:53:58,661 - INFO - 处理 a()
2018-11-29 08:54:00,348 - INFO - "POST /RPC2 HTTP/1.1" 200 - from 119.29.134.163
2018-11-29 08:55:55,682 - INFO - 处理 Fanqiang().save()
2018-11-29 08:55:55,887 - ERROR - Fanqiang().save() -------------- Traceback (most recent call last):
  File "/root/Fanqiang_DB/RPC/RPC_Server.py", line 79, in run
    current_step = do_chain(m, params_list, current_step)
  File "/root/Fanqiang_DB/RPC/RPC_Server.py", line 52, in do_chain
    current_step = getattr(current_step, method_name)(*this_args, **this_kwargs)
  File "/root/Fanqiang_DB/model/base.py", line 108, in save
    self.validate_data(data)
  File "/root/Fanqiang_DB/model/base.py", line 59, in validate_data
    '数据不符合 %s,%s 的类型是 %s，而需要的是%s ' % (str(template), k, type(data[k]).__name__, v.__name__))
Exception: 数据不符合 {'ip_with_port': <class 'str'>, 'location': {'region': <class 'str'>, 'province': <class 'str'>, 'city': <class 'str'>, 'country': <class 'str'>, 'postcode': <class 'str'>, 'rect': <class 'str'>, 'timezone': <class 'str'>}, 'Elite': ({'ip': <class 'str'>, 'location': {'region': <class 'str'>, 'province': <class 'str'>, 'city': <class 'str'>, 'country': <class 'str'>, 'postcode': <class 'str'>, 'rect': <class 'str'>, 'timezone': <class 'str'>}}, {}), 'proxy_type': <class 'str'>, 'disable_times': (<class 'int'>, 0), 'time': <class 'float'>},ip_with_port 的类型是 int，而需要的是str 

2018-11-29 08:55:55,889 - INFO - "POST /RPC2 HTTP/1.1" 200 - from 119.29.134.163
2018-11-29 08:57:42,917 - INFO - "POST /RPC2 HTTP/1.1" 200 - from 119.29.134.163
2018-11-29 08:57:42,937 - INFO - "POST /RPC2 HTTP/1.1" 200 - from 119.29.134.163
2018-11-29 08:57:42,959 - INFO - "POST /RPC2 HTTP/1.1" 200 - from 119.29.134.163
2018-11-29 08:57:42,986 - INFO - "POST /RPC2 HTTP/1.1" 200 - from 119.29.134.163
2018-11-29 08:57:43,008 - INFO - "POST /RPC2 HTTP/1.1" 200 - from 119.29.134.163
2018-11-29 08:57:43,028 - INFO - "POST /RPC2 HTTP/1.1" 200 - from 119.29.134.163
2018-11-29 08:57:43,050 - INFO - "POST /RPC2 HTTP/1.1" 200 - from 119.29.134.163
2018-11-29 08:57:43,071 - INFO - "POST /RPC2 HTTP/1.1" 200 - from 119.29.134.163
2018-11-29 08:57:43,090 - INFO - "POST /RPC2 HTTP/1.1" 200 - from 119.29.134.163
2018-11-29 08:57:43,104 - INFO - "POST /RPC2 HTTP/1.1" 200 - from 119.29.134.163
2018-11-29 08:57:43,147 - INFO - "POST /RPC2 HTTP/1.1" 200 - from 119.29.134.163
2018-11-29 08:57:43,238 - INFO - "POST /RPC2 HTTP/1.1" 200 - from 119.29.134.163
2018-11-29 08:57:43,275 - INFO - "POST /RPC2 HTTP/1.1" 200 - from 119.29.134.163
2018-11-29 08:57:43,339 - INFO - "POST /RPC2 HTTP/1.1" 200 - from 119.29.134.163
2018-11-29 08:57:43,356 - INFO - "POST /RPC2 HTTP/1.1" 200 - from 119.29.134.163
2018-11-29 08:57:43,392 - INFO - "POST /RPC2 HTTP/1.1" 200 - from 119.29.134.163
2018-11-29 08:57:43,518 - INFO - "POST /RPC2 HTTP/1.1" 200 - from 119.29.134.163
2018-11-29 08:57:43,703 - INFO - "POST /RPC2 HTTP/1.1" 200 - from 119.29.134.163
2018-11-29 08:57:43,922 - INFO - "POST /RPC2 HTTP/1.1" 200 - from 119.29.134.163
2018-11-29 08:57:44,160 - INFO - "POST /RPC2 HTTP/1.1" 200 - from 119.29.134.163
2018-11-29 08:57:44,294 - INFO - "POST /RPC2 HTTP/1.1" 200 - from 119.29.134.163
2018-11-29 08:57:44,469 - INFO - "POST /RPC2 HTTP/1.1" 200 - from 119.29.134.163
2018-11-29 08:57:45,244 - INFO - "POST /RPC2 HTTP/1.1" 200 - from 119.29.134.163
2018-11-29 08:57:45,338 - INFO - "POST /RPC2 HTTP/1.1" 200 - from 119.29.134.163
2018-11-29 08:57:46,939 - INFO - "POST /RPC2 HTTP/1.1" 200 - from 119.29.134.163
2018-11-29 08:57:47,290 - INFO - "POST /RPC2 HTTP/1.1" 200 - from 119.29.134.163
2018-11-29 08:57:48,648 - INFO - "POST /RPC2 HTTP/1.1" 200 - from 119.29.134.163
2018-11-29 08:57:48,837 - INFO - "POST /RPC2 HTTP/1.1" 200 - from 119.29.134.163
2018-11-29 08:57:50,245 - INFO - "POST /RPC2 HTTP/1.1" 200 - from 119.29.134.163
2018-11-29 08:57:50,438 - INFO - "POST /RPC2 HTTP/1.1" 200 - from 119.29.134.163
2018-11-29 08:57:50,627 - INFO - "POST /RPC2 HTTP/1.1" 200 - from 119.29.134.163
2018-11-29 08:57:52,023 - INFO - "POST /RPC2 HTTP/1.1" 200 - from 119.29.134.163
2018-11-29 08:57:52,208 - INFO - "POST /RPC2 HTTP/1.1" 200 - from 119.29.134.163
2018-11-29 08:57:52,626 - INFO - "POST /RPC2 HTTP/1.1" 200 - from 119.29.134.163
2018-11-29 08:57:52,644 - INFO - "POST /RPC2 HTTP/1.1" 200 - from 119.29.134.163
2018-11-29 08:57:52,683 - INFO - "POST /RPC2 HTTP/1.1" 200 - from 119.29.134.163
2018-11-29 08:57:52,736 - INFO - "POST /RPC2 HTTP/1.1" 200 - from 119.29.134.163
2018-11-29 08:57:52,760 - INFO - "POST /RPC2 HTTP/1.1" 200 - from 119.29.134.163
2018-11-29 08:57:52,784 - INFO - "POST /RPC2 HTTP/1.1" 200 - from 119.29.134.163
2018-11-29 08:57:52,863 - INFO - "POST /RPC2 HTTP/1.1" 200 - from 119.29.134.163
2018-11-29 08:57:52,891 - INFO - "POST /RPC2 HTTP/1.1" 200 - from 119.29.134.163
2018-11-29 08:57:52,919 - INFO - "POST /RPC2 HTTP/1.1" 200 - from 119.29.134.163
2018-11-29 08:57:52,941 - INFO - "POST /RPC2 HTTP/1.1" 200 - from 119.29.134.163
2018-11-29 08:57:52,959 - INFO - "POST /RPC2 HTTP/1.1" 200 - from 119.29.134.163
2018-11-29 08:57:53,008 - INFO - "POST /RPC2 HTTP/1.1" 200 - from 119.29.134.163
2018-11-29 08:57:53,036 - INFO - "POST /RPC2 HTTP/1.1" 200 - from 119.29.134.163
2018-11-29 08:57:53,063 - INFO - "POST /RPC2 HTTP/1.1" 200 - from 119.29.134.163
2018-11-29 08:57:53,091 - INFO - "POST /RPC2 HTTP/1.1" 200 - from 119.29.134.163
2018-11-29 08:57:53,108 - INFO - "POST /RPC2 HTTP/1.1" 200 - from 119.29.134.163
2018-11-29 08:57:53,135 - INFO - "POST /RPC2 HTTP/1.1" 200 - from 119.29.134.163
2018-11-29 08:57:53,159 - INFO - "POST /RPC2 HTTP/1.1" 200 - from 119.29.134.163
2018-11-29 08:57:53,175 - INFO - "POST /RPC2 HTTP/1.1" 200 - from 119.29.134.163
2018-11-29 08:57:53,219 - INFO - "POST /RPC2 HTTP/1.1" 200 - from 119.29.134.163
2018-11-29 08:57:53,257 - INFO - "POST /RPC2 HTTP/1.1" 200 - from 119.29.134.163
2018-11-29 08:57:53,276 - INFO - "POST /RPC2 HTTP/1.1" 200 - from 119.29.134.163
2018-11-29 08:57:53,298 - INFO - "POST /RPC2 HTTP/1.1" 200 - from 119.29.134.163
2018-11-29 08:57:53,324 - INFO - "POST /RPC2 HTTP/1.1" 200 - from 119.29.134.163
2018-11-29 08:57:53,347 - INFO - "POST /RPC2 HTTP/1.1" 200 - from 119.29.134.163
2018-11-29 08:57:53,363 - INFO - "POST /RPC2 HTTP/1.1" 200 - from 119.29.134.163
2018-11-29 08:57:53,382 - INFO - "POST /RPC2 HTTP/1.1" 200 - from 119.29.134.163
2018-11-29 08:57:53,397 - INFO - "POST /RPC2 HTTP/1.1" 200 - from 119.29.134.163
2018-11-29 08:57:53,413 - INFO - "POST /RPC2 HTTP/1.1" 200 - from 119.29.134.163
2018-11-29 08:57:53,431 - INFO - "POST /RPC2 HTTP/1.1" 200 - from 119.29.134.163
2018-11-29 08:57:53,475 - INFO - "POST /RPC2 HTTP/1.1" 200 - from 119.29.134.163
2018-11-29 08:57:53,490 - INFO - "POST /RPC2 HTTP/1.1" 200 - from 119.29.134.163
2018-11-29 08:57:53,545 - INFO - "POST /RPC2 HTTP/1.1" 200 - from 119.29.134.163
2018-11-29 08:57:53,571 - INFO - "POST /RPC2 HTTP/1.1" 200 - from 119.29.134.163
2018-11-29 08:57:53,604 - INFO - "POST /RPC2 HTTP/1.1" 200 - from 119.29.134.163
2018-11-29 08:57:53,675 - INFO - "POST /RPC2 HTTP/1.1" 200 - from 119.29.134.163
2018-11-29 08:57:53,750 - INFO - "POST /RPC2 HTTP/1.1" 200 - from 119.29.134.163
2018-11-29 08:57:53,797 - INFO - "POST /RPC2 HTTP/1.1" 200 - from 119.29.134.163
2018-11-29 08:57:53,819 - INFO - "POST /RPC2 HTTP/1.1" 200 - from 119.29.134.163
2018-11-29 08:57:53,863 - INFO - "POST /RPC2 HTTP/1.1" 200 - from 119.29.134.163
2018-11-29 08:57:53,996 - INFO - "POST /RPC2 HTTP/1.1" 200 - from 119.29.134.163
2018-11-29 08:57:54,222 - INFO - "POST /RPC2 HTTP/1.1" 200 - from 119.29.134.163
2018-11-29 08:57:54,271 - INFO - "POST /RPC2 HTTP/1.1" 200 - from 119.29.134.163
2018-11-29 08:57:54,472 - INFO - "POST /RPC2 HTTP/1.1" 200 - from 119.29.134.163
2018-11-29 08:57:54,496 - INFO - "POST /RPC2 HTTP/1.1" 200 - from 119.29.134.163
2018-11-29 08:57:54,667 - INFO - "POST /RPC2 HTTP/1.1" 200 - from 119.29.134.163
2018-11-29 08:57:54,686 - INFO - "POST /RPC2 HTTP/1.1" 200 - from 119.29.134.163
2018-11-29 08:57:54,879 - INFO - "POST /RPC2 HTTP/1.1" 200 - from 119.29.134.163
2018-11-29 08:57:55,371 - INFO - "POST /RPC2 HTTP/1.1" 200 - from 119.29.134.163
2018-11-29 08:57:55,623 - INFO - "POST /RPC2 HTTP/1.1" 200 - from 119.29.134.163
2018-11-29 08:57:55,940 - INFO - "POST /RPC2 HTTP/1.1" 200 - from 119.29.134.163
2018-11-29 08:58:02,250 - INFO - "POST /RPC2 HTTP/1.1" 200 - from 119.29.134.163
2018-11-29 08:58:02,542 - INFO - "POST /RPC2 HTTP/1.1" 200 - from 119.29.134.163
2018-11-29 08:58:02,662 - INFO - "POST /RPC2 HTTP/1.1" 200 - from 119.29.134.163
2018-11-29 08:58:02,819 - INFO - "POST /RPC2 HTTP/1.1" 200 - from 119.29.134.163
2018-11-29 08:58:02,850 - INFO - "POST /RPC2 HTTP/1.1" 200 - from 119.29.134.163
2018-11-29 08:58:02,942 - INFO - "POST /RPC2 HTTP/1.1" 200 - from 119.29.134.163
2018-11-29 08:58:03,098 - INFO - "POST /RPC2 HTTP/1.1" 200 - from 119.29.134.163
2018-11-29 08:58:03,169 - INFO - "POST /RPC2 HTTP/1.1" 200 - from 119.29.134.163
2018-11-29 08:58:03,204 - INFO - "POST /RPC2 HTTP/1.1" 200 - from 119.29.134.163
2018-11-29 08:58:03,295 - INFO - "POST /RPC2 HTTP/1.1" 200 - from 119.29.134.163
2018-11-29 08:58:03,318 - INFO - "POST /RPC2 HTTP/1.1" 200 - from 119.29.134.163
2018-11-29 08:58:03,361 - INFO - "POST /RPC2 HTTP/1.1" 200 - from 119.29.134.163
2018-11-29 08:58:03,400 - INFO - "POST /RPC2 HTTP/1.1" 200 - from 119.29.134.163
2018-11-29 08:58:03,426 - INFO - "POST /RPC2 HTTP/1.1" 200 - from 119.29.134.163
2018-11-29 08:58:03,453 - INFO - "POST /RPC2 HTTP/1.1" 200 - from 119.29.134.163
2018-11-29 08:58:03,478 - INFO - "POST /RPC2 HTTP/1.1" 200 - from 119.29.134.163
2018-11-29 08:58:03,525 - INFO - "POST /RPC2 HTTP/1.1" 200 - from 119.29.134.163
2018-11-29 08:58:03,562 - INFO - "POST /RPC2 HTTP/1.1" 200 - from 119.29.134.163
2018-11-29 08:58:03,603 - INFO - "POST /RPC2 HTTP/1.1" 200 - from 119.29.134.163
2018-11-29 08:58:03,663 - INFO - "POST /RPC2 HTTP/1.1" 200 - from 119.29.134.163
2018-11-29 08:58:03,683 - INFO - "POST /RPC2 HTTP/1.1" 200 - from 119.29.134.163
2018-11-29 08:58:03,743 - INFO - "POST /RPC2 HTTP/1.1" 200 - from 119.29.134.163
2018-11-29 08:58:03,765 - INFO - "POST /RPC2 HTTP/1.1" 200 - from 119.29.134.163
2018-11-29 08:58:03,790 - INFO - "POST /RPC2 HTTP/1.1" 200 - from 119.29.134.163
2018-11-29 08:58:03,808 - INFO - "POST /RPC2 HTTP/1.1" 200 - from 119.29.134.163
2018-11-29 08:58:03,827 - INFO - "POST /RPC2 HTTP/1.1" 200 - from 119.29.134.163
2018-11-29 08:58:03,843 - INFO - "POST /RPC2 HTTP/1.1" 200 - from 119.29.134.163
2018-11-29 08:58:03,868 - INFO - "POST /RPC2 HTTP/1.1" 200 - from 119.29.134.163
2018-11-29 08:58:03,972 - INFO - "POST /RPC2 HTTP/1.1" 200 - from 119.29.134.163
2018-11-29 08:58:03,988 - INFO - "POST /RPC2 HTTP/1.1" 200 - from 119.29.134.163
2018-11-29 08:58:04,011 - INFO - "POST /RPC2 HTTP/1.1" 200 - from 119.29.134.163
2018-11-29 08:58:04,070 - INFO - "POST /RPC2 HTTP/1.1" 200 - from 119.29.134.163
2018-11-29 08:58:04,095 - INFO - "POST /RPC2 HTTP/1.1" 200 - from 119.29.134.163
2018-11-29 08:58:04,180 - INFO - "POST /RPC2 HTTP/1.1" 200 - from 119.29.134.163
2018-11-29 08:58:04,205 - INFO - "POST /RPC2 HTTP/1.1" 200 - from 119.29.134.163
2018-11-29 08:58:04,248 - INFO - "POST /RPC2 HTTP/1.1" 200 - from 119.29.134.163
2018-11-29 08:58:04,296 - INFO - "POST /RPC2 HTTP/1.1" 200 - from 119.29.134.163
2018-11-29 08:58:04,319 - INFO - "POST /RPC2 HTTP/1.1" 200 - from 119.29.134.163
2018-11-29 08:58:04,371 - INFO - "POST /RPC2 HTTP/1.1" 200 - from 119.29.134.163
2018-11-29 08:58:04,431 - INFO - "POST /RPC2 HTTP/1.1" 200 - from 119.29.134.163
2018-11-29 08:58:04,513 - INFO - "POST /RPC2 HTTP/1.1" 200 - from 119.29.134.163
2018-11-29 08:58:04,534 - INFO - "POST /RPC2 HTTP/1.1" 200 - from 119.29.134.163
2018-11-29 08:58:04,625 - INFO - "POST /RPC2 HTTP/1.1" 200 - from 119.29.134.163
2018-11-29 08:58:04,722 - INFO - "POST /RPC2 HTTP/1.1" 200 - from 119.29.134.163
2018-11-29 08:58:04,741 - INFO - "POST /RPC2 HTTP/1.1" 200 - from 119.29.134.163
2018-11-29 08:58:04,785 - INFO - "POST /RPC2 HTTP/1.1" 200 - from 119.29.134.163
2018-11-29 08:58:04,902 - INFO - "POST /RPC2 HTTP/1.1" 200 - from 119.29.134.163
2018-11-29 08:58:04,946 - INFO - "POST /RPC2 HTTP/1.1" 200 - from 119.29.134.163
2018-11-29 08:58:04,967 - INFO - "POST /RPC2 HTTP/1.1" 200 - from 119.29.134.163
2018-11-29 08:58:05,223 - INFO - "POST /RPC2 HTTP/1.1" 200 - from 119.29.134.163
2018-11-29 08:58:05,417 - INFO - "POST /RPC2 HTTP/1.1" 200 - from 119.29.134.163
2018-11-29 08:58:05,435 - INFO - "POST /RPC2 HTTP/1.1" 200 - from 119.29.134.163
2018-11-29 08:58:05,590 - INFO - "POST /RPC2 HTTP/1.1" 200 - from 119.29.134.163
2018-11-29 08:58:05,633 - INFO - "POST /RPC2 HTTP/1.1" 200 - from 119.29.134.163
2018-11-29 08:58:05,965 - INFO - "POST /RPC2 HTTP/1.1" 200 - from 119.29.134.163
2018-11-29 08:58:05,981 - INFO - "POST /RPC2 HTTP/1.1" 200 - from 119.29.134.163
2018-11-29 08:58:06,166 - INFO - "POST /RPC2 HTTP/1.1" 200 - from 119.29.134.163
2018-11-29 08:58:06,330 - INFO - "POST /RPC2 HTTP/1.1" 200 - from 119.29.134.163
2018-11-29 08:58:06,589 - INFO - "POST /RPC2 HTTP/1.1" 200 - from 119.29.134.163
2018-11-29 08:58:06,755 - INFO - "POST /RPC2 HTTP/1.1" 200 - from 119.29.134.163
2018-11-29 08:58:06,780 - INFO - "POST /RPC2 HTTP/1.1" 200 - from 119.29.134.163
2018-11-29 08:58:06,984 - INFO - "POST /RPC2 HTTP/1.1" 200 - from 119.29.134.163
2018-11-29 08:58:07,358 - INFO - "POST /RPC2 HTTP/1.1" 200 - from 119.29.134.163
2018-11-29 08:58:07,547 - INFO - "POST /RPC2 HTTP/1.1" 200 - from 119.29.134.163
2018-11-29 08:58:07,816 - INFO - "POST /RPC2 HTTP/1.1" 200 - from 119.29.134.163
2018-11-29 08:58:07,990 - INFO - "POST /RPC2 HTTP/1.1" 200 - from 119.29.134.163
2018-11-29 08:58:08,034 - INFO - "POST /RPC2 HTTP/1.1" 200 - from 119.29.134.163
2018-11-29 08:58:08,217 - INFO - "POST /RPC2 HTTP/1.1" 200 - from 119.29.134.163
2018-11-29 08:58:08,598 - INFO - "POST /RPC2 HTTP/1.1" 200 - from 119.29.134.163
2018-11-29 08:58:08,966 - INFO - "POST /RPC2 HTTP/1.1" 200 - from 119.29.134.163
2018-11-29 08:58:09,329 - INFO - "POST /RPC2 HTTP/1.1" 200 - from 119.29.134.163
2018-11-29 08:58:09,689 - INFO - "POST /RPC2 HTTP/1.1" 200 - from 119.29.134.163
2018-11-29 08:58:09,830 - INFO - "POST /RPC2 HTTP/1.1" 200 - from 119.29.134.163
2018-11-29 08:58:10,016 - INFO - "POST /RPC2 HTTP/1.1" 200 - from 119.29.134.163
2018-11-29 08:58:10,292 - INFO - "POST /RPC2 HTTP/1.1" 200 - from 119.29.134.163
2018-11-29 08:58:10,543 - INFO - "POST /RPC2 HTTP/1.1" 200 - from 119.29.134.163
2018-11-29 08:58:10,776 - INFO - "POST /RPC2 HTTP/1.1" 200 - from 119.29.134.163
2018-11-29 08:58:11,026 - INFO - "POST /RPC2 HTTP/1.1" 200 - from 119.29.134.163
2018-11-29 08:58:11,289 - INFO - "POST /RPC2 HTTP/1.1" 200 - from 119.29.134.163
2018-11-29 08:58:11,489 - INFO - "POST /RPC2 HTTP/1.1" 200 - from 119.29.134.163
2018-11-29 08:58:11,843 - INFO - "POST /RPC2 HTTP/1.1" 200 - from 119.29.134.163
2018-11-29 08:58:11,939 - INFO - "POST /RPC2 HTTP/1.1" 200 - from 119.29.134.163
2018-11-29 08:58:12,134 - INFO - "POST /RPC2 HTTP/1.1" 200 - from 119.29.134.163
2018-11-29 08:58:12,329 - INFO - "POST /RPC2 HTTP/1.1" 200 - from 119.29.134.163
2018-11-29 08:58:12,588 - INFO - "POST /RPC2 HTTP/1.1" 200 - from 119.29.134.163
2018-11-29 08:58:12,625 - INFO - "POST /RPC2 HTTP/1.1" 200 - from 119.29.134.163
2018-11-29 08:58:12,649 - INFO - "POST /RPC2 HTTP/1.1" 200 - from 119.29.134.163
2018-11-29 08:58:13,086 - INFO - "POST /RPC2 HTTP/1.1" 200 - from 119.29.134.163
2018-11-29 08:58:13,195 - INFO - "POST /RPC2 HTTP/1.1" 200 - from 119.29.134.163
2018-11-29 08:58:13,224 - INFO - "POST /RPC2 HTTP/1.1" 200 - from 119.29.134.163
2018-11-29 08:58:13,260 - INFO - "POST /RPC2 HTTP/1.1" 200 - from 119.29.134.163
2018-11-29 08:58:13,759 - INFO - "POST /RPC2 HTTP/1.1" 200 - from 119.29.134.163
2018-11-29 08:58:13,804 - INFO - "POST /RPC2 HTTP/1.1" 200 - from 119.29.134.163
2018-11-29 08:58:13,825 - INFO - "POST /RPC2 HTTP/1.1" 200 - from 119.29.134.163
2018-11-29 08:58:13,878 - INFO - "POST /RPC2 HTTP/1.1" 200 - from 119.29.134.163
2018-11-29 08:58:13,892 - INFO - "POST /RPC2 HTTP/1.1" 200 - from 119.29.134.163
2018-11-29 08:58:14,082 - INFO - "POST /RPC2 HTTP/1.1" 200 - from 119.29.134.163
2018-11-29 08:58:14,764 - INFO - "POST /RPC2 HTTP/1.1" 200 - from 119.29.134.163
2018-11-29 08:58:14,809 - INFO - "POST /RPC2 HTTP/1.1" 200 - from 119.29.134.163
2018-11-29 08:58:15,454 - INFO - "POST /RPC2 HTTP/1.1" 200 - from 119.29.134.163
2018-11-29 08:58:16,005 - INFO - "POST /RPC2 HTTP/1.1" 200 - from 119.29.134.163
2018-11-29 08:58:17,361 - INFO - "POST /RPC2 HTTP/1.1" 200 - from 119.29.134.163
2018-11-29 08:58:18,025 - INFO - "POST /RPC2 HTTP/1.1" 200 - from 119.29.134.163
2018-11-29 08:58:20,045 - INFO - "POST /RPC2 HTTP/1.1" 200 - from 119.29.134.163
2018-11-29 08:58:23,394 - INFO - "POST /RPC2 HTTP/1.1" 200 - from 119.29.134.163
